[strawberry10950483.brizy.site/index.html]
[a-cloud.b-cdn.net/images/cropped-favicon-192x192.png]
[backblue.gif]
[fade.gif]
[index.html]
[b-cloud.b-cdn.net/builds/free/235-cloud/editor/css/group-3.css]
[b-cloud.b-cdn.net/builds/free/235-cloud/editor/css/preview.css]
[a-cloud.b-cdn.net/media/iW=5000&iH=any/d03-BG-sands.jpg]
[a-cloud.b-cdn.net/media/iW=5000&iH=any/fee6b8ce1e2a0ab00a71f6a66ac306de.jpg]
[a-cloud.b-cdn.net/media/iW=1920&iH=346&oX=0&oY=98&cW=1920&cH=149/741e6bfa041f1716451076bdb093d7c5.jpg]
[a-cloud.b-cdn.net/media/iW=1520&iH=855&oX=190&oY=0&cW=1140&cH=855/6bf59b439835e915a7e6c35104df2727.png]
[a-cloud.b-cdn.net/media/iW=261&iH=175&oX=14&oY=0&cW=233&cH=175/28bb890ba56a128c12f08bf433105274.jpg]
[a-cloud.b-cdn.net/media/iW=250&iH=167&oX=13&oY=0&cW=223&cH=167/2e8af12f9badf638ec2b3b801c7a5655.jpg]
[a-cloud.b-cdn.net/media/iW=248&iH=166&oX=13&oY=0&cW=221&cH=166/1be17b5c27155e223c38d1029c1841fa.jpg]
[a-cloud.b-cdn.net/media/iW=261&iH=175&oX=14&oY=0&cW=233&cH=175/ac11de562daf53cc484dcd2f21e9cd80.jpg]
[a-cloud.b-cdn.net/media/iW=1326&iH=1191&oX=0&oY=0&cW=1326&cH=1191/aab929fb9561b94c51de809e17346260.png]
[a-cloud.b-cdn.net/media/iW=761&iH=761&oX=0&oY=59&cW=761&cH=642/28b0affeb4d2a866994a5c15204f4363.png]
[a-cloud.b-cdn.net/media/iW=26&iH=26&oX=0&oY=0&cW=26&cH=26/41af73ebe80fdfb544fcaf64b4d6a7d8.png]
[a-cloud.b-cdn.net/media/iW=30&iH=30&oX=0&oY=0&cW=30&cH=30/deca30455f99a85d90e0164185fa6d7e.png]
[b-cloud.b-cdn.net/builds/free/235-cloud/editor/js/group-3.js]
[strawberry10950483.brizy.site/index.html]
[b-cloud.b-cdn.net/builds/free/235-cloud/editor/css/group-3.css]
[b-cloud.b-cdn.net/builds/free/235-cloud/editor/css/preview.css]
[b-cloud.b-cdn.net/builds/free/235-cloud/editor/js/preview.js]
